// Jest Snapshot v1, https://goo.gl/fbAQLP

exports[`should render CollectionOverview component 1`] = `ShallowWrapper {}`;
